C:/Users/Owner/Motorsport/gophercan-lib/GopherCAN.c:58:4:init_can	24	static
C:/Users/Owner/Motorsport/gophercan-lib/GopherCAN.c:93:11:init_filters	64	static
C:/Users/Owner/Motorsport/gophercan-lib/GopherCAN.c:209:13:GCAN_onRX	16	static
C:/Users/Owner/Motorsport/gophercan-lib/GopherCAN.c:212:13:GCAN_onError	16	static
C:/Users/Owner/Motorsport/gophercan-lib/GopherCAN.c:219:6:HAL_CAN_TxMailbox0CompleteCallback	16	static
C:/Users/Owner/Motorsport/gophercan-lib/GopherCAN.c:224:6:HAL_CAN_TxMailbox1CompleteCallback	16	static
C:/Users/Owner/Motorsport/gophercan-lib/GopherCAN.c:229:6:HAL_CAN_TxMailbox2CompleteCallback	16	static
C:/Users/Owner/Motorsport/gophercan-lib/GopherCAN.c:235:6:HAL_CAN_TxMailbox0AbortCallback	16	static
C:/Users/Owner/Motorsport/gophercan-lib/GopherCAN.c:240:6:HAL_CAN_TxMailbox1AbortCallback	16	static
C:/Users/Owner/Motorsport/gophercan-lib/GopherCAN.c:245:6:HAL_CAN_TxMailbox2AbortCallback	16	static
C:/Users/Owner/Motorsport/gophercan-lib/GopherCAN.c:251:6:HAL_CAN_RxFifo0MsgPendingCallback	16	static
C:/Users/Owner/Motorsport/gophercan-lib/GopherCAN.c:257:6:HAL_CAN_RxFifo1MsgPendingCallback	16	static
C:/Users/Owner/Motorsport/gophercan-lib/GopherCAN.c:268:13:service_can_tx_hardware	32	static
C:/Users/Owner/Motorsport/gophercan-lib/GopherCAN.c:297:13:service_can_rx_hardware	48	static
C:/Users/Owner/Motorsport/gophercan-lib/GopherCAN.c:353:6:service_can_tx	24	static
C:/Users/Owner/Motorsport/gophercan-lib/GopherCAN.c:376:4:service_can_rx_buffer	16	static
C:/Users/Owner/Motorsport/gophercan-lib/GopherCAN.c:408:6:attach_callback_std	16	static
C:/Users/Owner/Motorsport/gophercan-lib/GopherCAN.c:417:6:attach_callback_cmd	16	static
C:/Users/Owner/Motorsport/gophercan-lib/GopherCAN.c:427:11:tx_can_message	32	static
C:/Users/Owner/Motorsport/gophercan-lib/GopherCAN.c:466:11:service_can_rx_message_std	32	static
C:/Users/Owner/Motorsport/gophercan-lib/GopherCAN.c:509:11:service_can_rx_message_ext	24	static
C:/Users/Owner/Motorsport/gophercan-lib/GopherCAN.c:564:4:send_parameter	16	static
C:/Users/Owner/Motorsport/gophercan-lib/GopherCAN.c:575:4:send_group	80	static
C:/Users/Owner/Motorsport/gophercan-lib/GopherCAN.c:638:11:encode_parameter	152	static
C:/Users/Owner/Motorsport/gophercan-lib/GopherCAN.c:699:11:decode_parameter	128	static
C:/Users/Owner/Motorsport/gophercan-lib/GopherCAN.c:784:4:request_parameter	64	static
C:/Users/Owner/Motorsport/gophercan-lib/GopherCAN.c:819:11:parameter_requested	16	static
C:/Users/Owner/Motorsport/gophercan-lib/GopherCAN.c:856:4:send_can_command	72	static
C:/Users/Owner/Motorsport/gophercan-lib/GopherCAN.c:894:11:run_can_command	40	static
C:/Users/Owner/Motorsport/gophercan-lib/GopherCAN.c:935:11:send_error_message	64	static
C:/Users/Owner/Motorsport/gophercan-lib/GopherCAN.c:961:17:get_bus_from_hcan	24	static
C:/Users/Owner/Motorsport/gophercan-lib/GopherCAN.c:973:13:remove_from_front	16	static
C:/Users/Owner/Motorsport/gophercan-lib/GopherCAN.c:989:13:add_message_by_highest_prio	24	static
C:/Users/Owner/Motorsport/gophercan-lib/GopherCAN.c:1049:13:copy_message	32	static
C:/Users/Owner/Motorsport/gophercan-lib/GopherCAN.c:1068:12:build_message_id	24	static
