../Core/Src/plm_power.c:269:6:plm_power_update_channel	48	static
../Core/Src/main.c:108:1:__io_putchar	16	static
../Core/Src/main.c:125:5:main	240	static
../Core/Src/main.c:238:6:SystemClock_Config	88	static
../Core/Src/main.c:287:13:MX_ADC1_Init	24	static
../Core/Src/main.c:339:13:MX_ADC2_Init	24	static
../Core/Src/main.c:391:13:MX_ADC3_Init	24	static
../Core/Src/main.c:443:13:MX_CAN1_Init	8	static
../Core/Src/main.c:480:13:MX_CAN2_Init	8	static
../Core/Src/main.c:517:13:MX_I2C1_Init	8	static
../Core/Src/main.c:551:13:MX_I2C2_Init	8	static
../Core/Src/main.c:585:13:MX_RTC_Init	32	static
../Core/Src/main.c:642:13:MX_SDIO_SD_Init	4	static
../Core/Src/main.c:670:13:MX_UART4_Init	8	static
../Core/Src/main.c:703:13:MX_GPIO_Init	48	static
../Core/Src/main.c:773:6:StartDefaultTask	16	static
../Core/Src/main.c:793:6:plm_task_store_data	16	static
../Core/Src/main.c:811:6:plm_task_service_can	16	static
../Core/Src/main.c:829:6:plm_task_transmit_data	16	static
../Core/Src/main.c:847:6:plm_task_heartbeat	16	static
../Core/Src/main.c:865:6:plm_task_simulate_data	16	static
../Core/Src/main.c:883:6:plm_task_collect_data	16	static
../Core/Src/main.c:901:6:plm_task_monitor_current	16	static
../Core/Src/main.c:920:6:HAL_TIM_PeriodElapsedCallback	16	static
../Core/Src/main.c:937:6:Error_Handler	4	static,ignoring_inline_asm
../Core/Src/plm_GPIO_Extension.c:26:6:GPIO_Extension_Write	32	static
../Core/Src/plm_GPIO_Extension.c:37:6:GPIO_extension_overcurrent_LED	32	static
../Core/Src/plm_GPIO_Extension.c:52:6:GPIO_Extension_toggle	32	static
