../Drivers/CMSIS/Include/core_cm4.h:1939:34:__NVIC_SystemReset	4	static,ignoring_inline_asm
../Core/Src/stm32f4xx_it.c:72:6:NMI_Handler	4	static
../Core/Src/stm32f4xx_it.c:87:6:HardFault_Handler	16	static
../Core/Src/stm32f4xx_it.c:121:6:MemManage_Handler	4	static
../Core/Src/stm32f4xx_it.c:136:6:BusFault_Handler	4	static
../Core/Src/stm32f4xx_it.c:151:6:UsageFault_Handler	4	static
../Core/Src/stm32f4xx_it.c:166:6:DebugMon_Handler	4	static
../Core/Src/stm32f4xx_it.c:186:6:TIM1_UP_TIM10_IRQHandler	8	static
../Core/Src/stm32f4xx_it.c:200:6:OTG_FS_IRQHandler	8	static
